rustam3@rustam3-HP-ProBook-6460b:~/DZ3/stands-03-lvm$ vagrant ssh
[vagrant@lvm ~]$ 
[vagrant@lvm ~]$ 
[vagrant@lvm ~]$ 
[vagrant@lvm ~]$ ls
[vagrant@lvm ~]$ su -
Password: 
[root@lvm ~]# vgs
  VG         #PV #LV #SN Attr   VSize   VFree
  VolGroup00   1   2   0 wz--n- <38.97g    0 
[root@lvm ~]# 
[root@lvm ~]# ls
anaconda-ks.cfg  original-ks.cfg
[root@lvm ~]# script renameVolGroup00
Script started, file is renameVolGroup00
[root@lvm ~]# ls
anaconda-ks.cfg  original-ks.cfg  renameVolGroup00
[root@lvm ~]# 
[root@lvm ~]# vgs
  VG         #PV #LV #SN Attr   VSize   VFree
  VolGroup00   1   2   0 wz--n- <38.97g    0 
[root@lvm ~]# vgrename VolGroupe00 OtusRoot
  Volume group "VolGroupe00" not found
  Cannot process volume group VolGroupe00
[root@lvm ~]# vgrename VolGroup00 OtusRoot
  Volume group "VolGroup00" successfully renamed to "OtusRoot"
[root@lvm ~]# 
[root@lvm ~]# 
[root@lvm ~]# vgs
  VG       #PV #LV #SN Attr   VSize   VFree
  OtusRoot   1   2   0 wz--n- <38.97g    0 
[root@lvm ~]# 
[root@lvm ~]# 
[root@lvm ~]# cat /etc/fstab 

#
# /etc/fstab
# Created by anaconda on Sat May 12 18:50:26 2018
#
# Accessible filesystems, by reference, are maintained under '/dev/disk'
# See man pages fstab(5), findfs(8), mount(8) and/or blkid(8) for more info
#
/dev/mapper/VolGroup00-LogVol00 /                       xfs     defaults        0 0
UUID=570897ca-e759-4c81-90cf-389da6eee4cc /boot                   xfs     defaults        0 0
/dev/mapper/VolGroup00-LogVol01 swap                    swap    defaults        0 0
[root@lvm ~]# 
[root@lvm ~]# 
[root@lvm ~]# sed -i 's/VolGroup00/OtusRoot/g' /etc/fstab 
[root@lvm ~]# 
[root@lvm ~]# 
[root@lvm ~]# 
[root@lvm ~]# cat /etc/fstab 

#
# /etc/fstab
# Created by anaconda on Sat May 12 18:50:26 2018
#
# Accessible filesystems, by reference, are maintained under '/dev/disk'
# See man pages fstab(5), findfs(8), mount(8) and/or blkid(8) for more info
#
/dev/mapper/OtusRoot-LogVol00 /                       xfs     defaults        0 0
UUID=570897ca-e759-4c81-90cf-389da6eee4cc /boot                   xfs     defaults        0 0
/dev/mapper/OtusRoot-LogVol01 swap                    swap    defaults        0 0
[root@lvm ~]# sed -i 's/VolGroup00/OtusRoot/g' /etc/default/grab
sed: can't read /etc/default/grab: No such file or directory
[root@lvm ~]# sed -i 's/VolGroup00/OtusRoot/g' /etc/default/grub 
[root@lvm ~]# 
[root@lvm ~]# 
[root@lvm ~]# 
[root@lvm ~]# 
[root@lvm ~]# sed -i 's/VolGroup00/OtusRoot/g' /boot/grub2/grub.cfg 
[root@lvm ~]# 
[root@lvm ~]# 
[root@lvm ~]# 
[root@lvm ~]# vgs
  VG       #PV #LV #SN Attr   VSize   VFree
  OtusRoot   1   2   0 wz--n- <38.97g    0 
[root@lvm ~]# 
[root@lvm ~]# 
[root@lvm ~]# mkinitrd -f -v /boot/initramfs-$(uname -r).img $(uname -r)
Executing: /sbin/dracut -f -v /boot/initramfs-3.10.0-862.2.3.el7.x86_64.img 3.10.0-862.2.3.el7.x86_64
dracut module 'busybox' will not be installed, because command 'busybox' could not be found!
dracut module 'crypt' will not be installed, because command 'cryptsetup' could not be found!
dracut module 'dmraid' will not be installed, because command 'dmraid' could not be found!
dracut module 'dmsquash-live-ntfs' will not be installed, because command 'ntfs-3g' could not be found!
dracut module 'multipath' will not be installed, because command 'multipath' could not be found!
dracut module 'busybox' will not be installed, because command 'busybox' could not be found!
dracut module 'crypt' will not be installed, because command 'cryptsetup' could not be found!
dracut module 'dmraid' will not be installed, because command 'dmraid' could not be found!
dracut module 'dmsquash-live-ntfs' will not be installed, because command 'ntfs-3g' could not be found!
dracut module 'multipath' will not be installed, because command 'multipath' could not be found!
*** Including module: bash ***
*** Including module: nss-softokn ***
*** Including module: i18n ***
*** Including module: drm ***
*** Including module: plymouth ***
*** Including module: dm ***
Skipping udev rule: 64-device-mapper.rules
Skipping udev rule: 60-persistent-storage-dm.rules
Skipping udev rule: 55-dm.rules
*** Including module: kernel-modules ***
Omitting driver floppy
*** Including module: lvm ***
Skipping udev rule: 64-device-mapper.rules
Skipping udev rule: 56-lvm.rules
Skipping udev rule: 60-persistent-storage-lvm.rules
*** Including module: qemu ***
*** Including module: resume ***
*** Including module: rootfs-block ***
*** Including module: terminfo ***
*** Including module: udev-rules ***
Skipping udev rule: 40-redhat-cpu-hotplug.rules
Skipping udev rule: 91-permissions.rules
*** Including module: biosdevname ***
*** Including module: systemd ***
*** Including module: usrmount ***
*** Including module: base ***
*** Including module: fs-lib ***
*** Including module: shutdown ***
*** Including modules done ***
*** Installing kernel module dependencies and firmware ***
*** Installing kernel module dependencies and firmware done ***
*** Resolving executable dependencies ***
*** Resolving executable dependencies done***
*** Hardlinking files ***
*** Hardlinking files done ***
*** Stripping files ***
*** Stripping files done ***
*** Generating early-microcode cpio image contents ***
*** No early-microcode cpio image needed ***
*** Store current command line parameters ***
*** Creating image file ***
*** Creating image file done ***
*** Creating initramfs image file '/boot/initramfs-3.10.0-862.2.3.el7.x86_64.img' done ***
[root@lvm ~]# vgs
  VG       #PV #LV #SN Attr   VSize   VFree
  OtusRoot   1   2   0 wz--n- <38.97g    0 
[root@lvm ~]# 
[root@lvm ~]# exit
exit
Script done, file is renameVolGroup00
[root@lvm ~]# ls
anaconda-ks.cfg  original-ks.cfg  renameVolGroup00
[root@lvm ~]# 
[root@lvm ~]# 
[root@lvm ~]# reboot 
Connection to 127.0.0.1 closed by remote host.
Connection to 127.0.0.1 closed.
rustam3@rustam3-HP-ProBook-6460b:
